2024-09-09 12:00:01 Error 404: Page not found
2024-09-09 11:00:12 Error 500: Internal server error
2024-09-09 12:00:25 Error 403: Forbidden
2024-09-09 12:00:40 Error 401: Unauthorized
2024-09-09 12:00:56 Error 404: Page not found
2024-09-09 12:01:10 Error 502: Bad gateway
2024-09-09 12:01:25 Error 503: Service unavailable
2024-09-09 12:01:41 Error 400: Bad request
2024-09-09 12:01:58 Error 404: Page not found
2024-09-09 12:02:13 Error 500: Internal server error
2024-09-09 12:02:30 Error 403: Forbidden
2024-09-09 12:02:47 Error 408: Request timeout
2024-09-09 12:03:04 Error 401: Unauthorized
2024-09-09 12:03:20 Error 504: Gateway timeout
2024-09-09 12:03:37 Error 404: Page not found
2024-09-09 12:03:54 Error 429: Too many requests
2024-09-09 12:04:11 Error 500: Internal server error
2024-09-09 12:04:28 Error 400: Bad request
2024-09-09 12:04:45 Error 502: Bad gateway
2024-09-09 12:05:01 Error 403: Forbidden
