2024-09-09 12:00:01 Error 404: Page not found
2024-09-09 12:00:05 Status 200: OK
2024-09-09 12:00:12 Error 500: Internal server error
2024-09-09 12:00:18 Status 201: Created
2024-09-09 12:00:25 Error 403: Forbidden
2024-09-09 12:00:31 Status 200: OK
2024-09-09 12:00:40 Error 401: Unauthorized
2024-09-09 12:00:48 Status 204: No content
2024-09-09 12:00:56 Error 404: Page not found
2024-09-09 12:01:03 Status 200: OK
2024-09-09 12:01:10 Error 502: Bad gateway
2024-09-09 12:01:18 Status 201: Created
2024-09-09 12:01:25 Error 503: Service unavailable
2024-09-09 12:01:33 Status 200: OK
2024-09-09 12:01:41 Error 400: Bad request
2024-09-09 12:01:49 Status 202: Accepted
2024-09-09 12:01:58 Error 404: Page not found
2024-09-09 12:02:05 Status 200: OK
2024-09-09 12:02:13 Error 500: Internal server error
2024-09-09 12:02:21 Status 204: No content
2024-09-09 12:02:30 Error 403: Forbidden
2024-09-09 12:02:38 Status 200: OK
2024-09-09 12:02:47 Error 408: Request timeout
2024-09-09 12:02:55 Status 201: Created
2024-09-09 12:03:04 Error 401: Unauthorized
2024-09-09 12:03:12 Status 200: OK
2024-09-09 12:03:20 Error 504: Gateway timeout
2024-09-09 12:03:29 Status 202: Accepted
2024-09-09 12:03:37 Error 404: Page not found
2024-09-09 12:03:46 Status 200: OK
2024-09-09 12:03:54 Error 429: Too many requests
2024-09-09 12:04:02 Status 201: Created
2024-09-09 12:04:11 Error 500: Internal server error
2024-09-09 12:04:19 Status 200: OK
2024-09-09 12:04:28 Error 400: Bad request
2024-09-09 12:04:36 Status 204: No content
2024-09-09 12:04:45 Error 502: Bad gateway
2024-09-09 12:04:53 Status 200: OK
2024-09-09 12:05:01 Error 403: Forbidden
2024-09-09 12:05:10 Status 200: OK