2024-09-09 12:00:05 Status 200: OK
2024-09-09 12:00:18 Status 201: Created
2024-09-09 12:00:31 Status 200: OK
2024-09-09 12:00:48 Status 204: No content
2024-09-09 12:01:03 Status 200: OK
2024-09-09 12:01:18 Status 201: Created
2024-09-09 12:01:33 Status 200: OK
2024-09-09 12:01:49 Status 202: Accepted
2024-09-09 12:02:05 Status 200: OK
2024-09-09 12:02:21 Status 204: No content
2024-09-09 12:02:38 Status 200: OK
2024-09-09 12:02:55 Status 201: Created
2024-09-09 12:03:12 Status 200: OK
2024-09-09 12:03:29 Status 202: Accepted
2024-09-09 12:03:46 Status 200: OK
2024-09-09 12:04:02 Status 201: Created
2024-09-09 12:04:19 Status 200: OK
2024-09-09 12:04:36 Status 204: No content
2024-09-09 12:04:53 Status 200: OK
2024-09-09 12:05:10 Status 200: OK2024-09-09 12:00:05 Status 200: OK
2024-09-09 12:00:18 Status 201: Created
2024-09-09 12:00:31 Status 200: OK
2024-09-09 12:00:48 Status 204: No content
2024-09-09 12:01:03 Status 200: OK
2024-09-09 12:01:18 Status 201: Created
2024-09-09 12:01:33 Status 200: OK
2024-09-09 12:01:49 Status 202: Accepted
2024-09-09 12:02:05 Status 200: OK
2024-09-09 12:02:21 Status 204: No content
2024-09-09 12:02:38 Status 200: OK
2024-09-09 12:02:55 Status 201: Created
2024-09-09 12:03:12 Status 200: OK
2024-09-09 12:03:29 Status 202: Accepted
2024-09-09 12:03:46 Status 200: OK
2024-09-09 12:04:02 Status 201: Created
2024-09-09 12:04:19 Status 200: OK
2024-09-09 12:04:36 Status 204: No content
2024-09-09 12:04:53 Status 200: OK
2024-09-09 12:05:10 Status 200: OK2024-09-09 12:00:05 Status 200: OK
2024-09-09 12:00:18 Status 201: Created
2024-09-09 12:00:31 Status 200: OK
2024-09-09 12:00:48 Status 204: No content
2024-09-09 12:01:03 Status 200: OK
2024-09-09 12:01:18 Status 201: Created
2024-09-09 12:01:33 Status 200: OK
2024-09-09 12:01:49 Status 202: Accepted
2024-09-09 12:02:05 Status 200: OK
2024-09-09 12:02:21 Status 204: No content
2024-09-09 12:02:38 Status 200: OK
2024-09-09 12:02:55 Status 201: Created
2024-09-09 12:03:12 Status 200: OK
2024-09-09 12:03:29 Status 202: Accepted
2024-09-09 12:03:46 Status 200: OK
2024-09-09 12:04:02 Status 201: Created
2024-09-09 12:04:19 Status 200: OK
2024-09-09 12:04:36 Status 204: No content
2024-09-09 12:04:53 Status 200: OK
2024-09-09 12:05:10 Status 200: OK2024-09-09 12:00:05 Status 200: OK
2024-09-09 12:00:18 Status 201: Created
2024-09-09 12:00:31 Status 200: OK
2024-09-09 12:00:48 Status 204: No content
2024-09-09 12:01:03 Status 200: OK
2024-09-09 12:01:18 Status 201: Created
2024-09-09 12:01:33 Status 200: OK
2024-09-09 12:01:49 Status 202: Accepted
2024-09-09 12:02:05 Status 200: OK
2024-09-09 12:02:21 Status 204: No content
2024-09-09 12:02:38 Status 200: OK
2024-09-09 12:02:55 Status 201: Created
2024-09-09 12:03:12 Status 200: OK
2024-09-09 12:03:29 Status 202: Accepted
2024-09-09 12:03:46 Status 200: OK
2024-09-09 12:04:02 Status 201: Created
2024-09-09 12:04:19 Status 200: OK
2024-09-09 12:04:36 Status 204: No content
2024-09-09 12:04:53 Status 200: OK
2024-09-09 12:05:10 Status 200: OK2024-09-09 12:00:05 Status 200: OK
2024-09-09 12:00:18 Status 201: Created
2024-09-09 12:00:31 Status 200: OK
2024-09-09 12:00:48 Status 204: No content
2024-09-09 12:01:03 Status 200: OK
2024-09-09 12:01:18 Status 201: Created
2024-09-09 12:01:33 Status 200: OK
2024-09-09 12:01:49 Status 202: Accepted
2024-09-09 12:02:05 Status 200: OK
2024-09-09 12:02:21 Status 204: No content
2024-09-09 12:02:38 Status 200: OK
2024-09-09 12:02:55 Status 201: Created
2024-09-09 12:03:12 Status 200: OK
2024-09-09 12:03:29 Status 202: Accepted
2024-09-09 12:03:46 Status 200: OK
2024-09-09 12:04:02 Status 201: Created
2024-09-09 12:04:19 Status 200: OK
2024-09-09 12:04:36 Status 204: No content
2024-09-09 12:04:53 Status 200: OK
2024-09-09 12:05:10 Status 200: OK2024-09-09 12:00:05 Status 200: OK
2024-09-09 12:00:18 Status 201: Created
2024-09-09 12:00:31 Status 200: OK
2024-09-09 12:00:48 Status 204: No content
2024-09-09 12:01:03 Status 200: OK
2024-09-09 12:01:18 Status 201: Created
2024-09-09 12:01:33 Status 200: OK
2024-09-09 12:01:49 Status 202: Accepted
2024-09-09 12:02:05 Status 200: OK
2024-09-09 12:02:21 Status 204: No content
2024-09-09 12:02:38 Status 200: OK
2024-09-09 12:02:55 Status 201: Created
2024-09-09 12:03:12 Status 200: OK
2024-09-09 12:03:29 Status 202: Accepted
2024-09-09 12:03:46 Status 200: OK
2024-09-09 12:04:02 Status 201: Created
2024-09-09 12:04:19 Status 200: OK
2024-09-09 12:04:36 Status 204: No content
2024-09-09 12:04:53 Status 200: OK
2024-09-09 12:05:10 Status 200: OK2024-09-09 12:00:05 Status 200: OK
2024-09-09 12:00:18 Status 201: Created
2024-09-09 12:00:31 Status 200: OK
2024-09-09 12:00:48 Status 204: No content
2024-09-09 12:01:03 Status 200: OK
2024-09-09 12:01:18 Status 201: Created
2024-09-09 12:01:33 Status 200: OK
2024-09-09 12:01:49 Status 202: Accepted
2024-09-09 12:02:05 Status 200: OK
2024-09-09 12:02:21 Status 204: No content
2024-09-09 12:02:38 Status 200: OK
2024-09-09 12:02:55 Status 201: Created
2024-09-09 12:03:12 Status 200: OK
2024-09-09 12:03:29 Status 202: Accepted
2024-09-09 12:03:46 Status 200: OK
2024-09-09 12:04:02 Status 201: Created
2024-09-09 12:04:19 Status 200: OK
2024-09-09 12:04:36 Status 204: No content
2024-09-09 12:04:53 Status 200: OK
2024-09-09 12:05:10 Status 200: OK2024-09-09 12:00:05 Status 200: OK
2024-09-09 12:00:18 Status 201: Created
2024-09-09 12:00:31 Status 200: OK
2024-09-09 12:00:48 Status 204: No content
2024-09-09 12:01:03 Status 200: OK
2024-09-09 12:01:18 Status 201: Created
2024-09-09 12:01:33 Status 200: OK
2024-09-09 12:01:49 Status 202: Accepted
2024-09-09 12:02:05 Status 200: OK
2024-09-09 12:02:21 Status 204: No content
2024-09-09 12:02:38 Status 200: OK
2024-09-09 12:02:55 Status 201: Created
2024-09-09 12:03:12 Status 200: OK
2024-09-09 12:03:29 Status 202: Accepted
2024-09-09 12:03:46 Status 200: OK
2024-09-09 12:04:02 Status 201: Created
2024-09-09 12:04:19 Status 200: OK
2024-09-09 12:04:36 Status 204: No content
2024-09-09 12:04:53 Status 200: OK
2024-09-09 12:05:10 Status 200: OK